
> brasa-meat-intelligence-client@2.0.0 build
> vite build

vite v5.4.21 building for production...
transforming...
✓ 13 modules transformed.
x Build failed in 322ms
error during build:
[vite:esbuild] Transform failed with 1 error:
/Users/alexandregarcia/.gemini/antigravity/scratch/meat-tracker/client/src/pages/Dashboard.tsx:131:18: ERROR: Unexpected "catch"
file: /Users/alexandregarcia/.gemini/antigravity/scratch/meat-tracker/client/src/pages/Dashboard.tsx:131:18

Unexpected "catch"
129|                          console.error("API Error:", res.status);
130|                      }
131|                  } catch (err) {
   |                    ^
132|                      console.error("Failed to fetch dashboard data", err);
133|                  } finally {

    at failureErrorWithLog (/Users/alexandregarcia/.gemini/antigravity/scratch/meat-tracker/client/node_modules/esbuild/lib/main.js:1472:15)
    at /Users/alexandregarcia/.gemini/antigravity/scratch/meat-tracker/client/node_modules/esbuild/lib/main.js:755:50
    at responseCallbacks.<computed> (/Users/alexandregarcia/.gemini/antigravity/scratch/meat-tracker/client/node_modules/esbuild/lib/main.js:622:9)
    at handleIncomingPacket (/Users/alexandregarcia/.gemini/antigravity/scratch/meat-tracker/client/node_modules/esbuild/lib/main.js:677:12)
    at Socket.readFromStdout (/Users/alexandregarcia/.gemini/antigravity/scratch/meat-tracker/client/node_modules/esbuild/lib/main.js:600:7)
    at Socket.emit (node:events:508:28)
    at addChunk (node:internal/streams/readable:559:12)
    at readableAddChunkPushByteMode (node:internal/streams/readable:510:3)
    at Readable.push (node:internal/streams/readable:390:5)
    at Pipe.onStreamRead (node:internal/stream_base_commons:189:23)
